
> bookmate@0.0.1 build
> astro build

[2m13:08:17[22m [34m[@astrojs/node][39m Enabling sessions with filesystem storage
[2m13:08:17[22m [34m[vite][39m Re-optimizing dependencies because vite config has changed
[2m13:08:18[22m [34m[content][39m Syncing content
[2m13:08:18[22m [34m[content][39m Synced content
[2m13:08:18[22m [34m[types][39m Generated [2m675ms[22m
[2m13:08:18[22m [34m[build][39m output: [34m"server"[39m
[2m13:08:18[22m [34m[build][39m mode: [34m"server"[39m
[2m13:08:18[22m [34m[build][39m directory: [34mC:\Users\HP\Desktop\globals\bookmate\bookmate\dist\[39m
[2m13:08:18[22m [34m[build][39m adapter: [32m@astrojs/node[39m
[2m13:08:18[22m [34m[build][39m Collecting build info...
[2m13:08:18[22m [34m[build][39m [32mΓ£ô Completed in 773ms.[39m
[2m13:08:18[22m [34m[build][39m Building server entrypoints...
node.exe : [31m[1m13:08:21[22m [ERROR] [vite][39m [31mΓ£ù[39m Build failed in 3.31s
En línea: 1 Carácter: 1
+ & "C:\Program Files\nodejs/node.exe" "C:\Users\HP\AppData\Roaming\npm ...
+ ~~~~~~~~~~~~~~~~~~~~~~~~~~~~~~~~~~~~~~~~~~~~~~~~~~~~~~~~~~~~~~~~~~~~~
    + CategoryInfo          : NotSpecified: ([31m[1m13:08:...failed in 3.31s:String) [], RemoteExcep 
   tion
    + FullyQualifiedErrorId : NativeCommandError
 
Expected ")" but found "}"
  [1mLocation:[22m
    [4mC:/Users/HP/Desktop/globals/bookmate/bookmate/src/pages/professionals.astro:260:9[24m
  [1mStack trace:[22m
[2m    at failureErrorWithLog (C:\Users\HP\Desktop\globals\bookmate\bookmate\node_modules\vite\node_mo
dules\esbuild\lib\main.js:1467:15)
    at responseCallbacks.<computed> (C:\Users\HP\Desktop\globals\bookmate\bookmate\node_modules\vite\no
de_modules\esbuild\lib\main.js:603:9)
    at Socket.readFromStdout (C:\Users\HP\Desktop\globals\bookmate\bookmate\node_modules\vite\node_modu
les\esbuild\lib\main.js:581:7)
    at addChunk (node:internal/streams/readable:563:12)
    at Readable.push (node:internal/streams/readable:394:5)[22m
